1:36:12 PM [vite] warning: `esbuild` option was specified by "vite:react-babel" plugin. This option is deprecated, please use `oxc` instead.
1:36:12 PM [vite] warning: `optimizeDeps.esbuildOptions` option was specified by "vite:react-babel" plugin. This option is deprecated, please use `optimizeDeps.rolldownOptions` instead.
Both esbuild and oxc options were set. oxc options will be used and esbuild options will be ignored. The following esbuild options were set: `{ jsx: 'automatic', jsxImportSource: undefined }`

[1m[30m[46m RUN [49m[39m[22m [36mv4.1.10 [39m[90m/app/applet[39m

 [31m❯[39m src/tests/protocolModal.test.tsx [2m([22m[2m38 tests[22m[2m | [22m[31m2 failed[39m[2m)[22m[33m 5012[2mms[22m[39m
     [32m✓[39m Scenario 1: 1 minor tech foul = -0.3[32m 2[2mms[22m[39m
     [32m✓[39m Scenario 2: 2 minor tech fouls = -0.6 (and removal)[32m 0[2mms[22m[39m
     [32m✓[39m Scenario 3: 1 major tech foul = -0.6[32m 0[2mms[22m[39m
     [32m✓[39m Scenario 4: 2 major tech fouls = -1.2 (and removal)[32m 0[2mms[22m[39m
     [32m✓[39m Scenario 5: 1 minor + 1 major = -0.9 (and removal)[32m 0[2mms[22m[39m
     [32m✓[39m Scenario 6: Removal by judge (exit_type=removed) = -1.0[32m 0[2mms[22m[39m
     [32m✓[39m Scenario 7: Removal by judge + 1 minor tech foul = -1.3[32m 0[2mms[22m[39m
     [32m✓[39m Scenario 8: PPK culprit (isPpkCulprit=true) = -1.0[32m 0[2mms[22m[39m
     [32m✓[39m Scenario 9: PPK culprit + 2 minor tech fouls = -1.6[32m 1[2mms[22m[39m
     [32m✓[39m Scenario 10: Removal for 4 fouls = -1.0[32m 0[2mms[22m[39m
     [32m✓[39m formats color marks correctly[32m 0[2mms[22m[39m
     [32m✓[39m handles empty or missing seat_numbers gracefully[32m 0[2mms[22m[39m
     [32m✓[39m loads backup from localStorage, calls saveGameProtocol, and removes backup on success[32m 74[2mms[22m[39m
     [32m✓[39m retains backup in localStorage if saveGameProtocol fails[32m 42[2mms[22m[39m
     [32m✓[39m renders technical foul classification buttons (minor/major)[32m 128[2mms[22m[39m
       [32m✓[39m Scenario 1: Payload contains correct minor/major tech fouls and removal_reason[32m 1[2mms[22m[39m
       [32m✓[39m Scenario 2: Classification of two old tech fouls returns removed and 2nd_tech[32m 0[2mms[22m[39m
       [32m✓[39m Scenario 3: Invalid penalty_points inputs are rejected[32m 114[2mms[22m[39m
       [32m✓[39m Scenario 4: Game minus error blocks completeGameProtocol[32m 117[2mms[22m[39m
       [32m✓[39m Scenario 5: Unknown PPK role blocks confirmation and shows helper text[32m 143[2mms[22m[39m
       [32m✓[39m Scenario 6: Completed protocol prevents classification of old tech fouls[32m 79[2mms[22m[39m
       [32m✓[39m Scenario 7: Known removal reason cannot be overridden via status select[32m 167[2mms[22m[39m
       [32m✓[39m Scenario 8: Removed player can still be assigned PPK[32m 98[2mms[22m[39m
       [32m✓[39m renders 10 compact player rows initially with forms collapsed[32m 79[2mms[22m[39m
       [32m✓[39m toggles expansion when clicking a player row header[32m 63[2mms[22m[39m
       [32m✓[39m displays brief badges for non-zero fouls, tech fouls, and bonuses in compact row[32m 67[2mms[22m[39m
       [33m[2m✓[22m[39m 1-7: Auto-save triggers after debounce without calling onProtocolUpdated or unmounting, preserving tab & expanded player [33m 1601[2mms[22m[39m
       [32m✓[39m 8: onProtocolUpdated is called exactly ONCE after successful protocol completion[32m 122[2mms[22m[39m
       [32m✓[39m 9: onProtocolUpdated is called exactly ONCE after successful revert to draft[32m 91[2mms[22m[39m
       [32m✓[39m 10: Silent update in TournamentDetailView does not display full-screen loading or unmount modal[32m 114[2mms[22m[39m
       [32m✓[39m 1. Clears vote 0, inputs 5, field shows 5 and not 05[32m 89[2mms[22m[39m
       [32m✓[39m 2. In zero round, the number of voters is strictly 10 and the selector is disabled[32m 66[2mms[22m[39m
       [32m✓[39m 3. With a single leader in a revote round, the final poll table_leave_votes block is not rendered[32m 72[2mms[22m[39m
       [32m✓[39m 4. With a repeat tie and empty table_leave_votes, confirmation is not available[32m 87[2mms[22m[39m
[31m       [31m×[31m 5. After explicit input of 0, confirmation becomes available and indicates nobody leaves[39m[32m 161[2mms[22m[39m
       [32m✓[39m 6. Validation error from another tab switches to Votes and triggers scrollIntoView[32m 164[2mms[22m[39m
       [32m✓[39m 7. Deleting parent round also filters out child revote round[32m 115[2mms[22m[39m
[31m       [31m×[31m 8. After renumbering, parent_round_number continues to refer to the correct parent round[39m[33m 1150[2mms[22m[39m

[31m⎯⎯⎯⎯⎯⎯⎯[39m[1m[41m Failed Tests 2 [49m[22m[31m⎯⎯⎯⎯⎯⎯⎯[39m

[41m[1m FAIL [22m[49m src/tests/protocolModal.test.tsx[2m > [22mGameProtocolModal Backup & Auto-Save Component Tests[2m > [22mGameProtocolModal Custom Voting Tests[2m > [22m5. After explicit input of 0, confirmation becomes available and indicates nobody leaves
[31m[1mTestingLibraryElementError[22m[39m: Unable to find an accessible element with the role "button" and name `/Подтвердить исход/i`

Here are the accessible roles:

  heading:

  Name "Игра #1Протокол игры #1":
  [36m<h2[39m
    [33mclass[39m=[32m"text-sm sm:text-base font-semibold text-white truncate"[39m
  [36m/>[39m

  --------------------------------------------------
  button:

  Name "":
  [36m<button[39m
    [33mclass[39m=[32m"text-slate-400 hover:text-white p-1.5 rounded-lg hover:bg-slate-700 transition"[39m
    [33mtype[39m=[32m"button"[39m
  [36m/>[39m

  Name "Игроки":
  [36m<button[39m
    [33mclass[39m=[32m"py-2 sm:py-1.5 px-1 sm:px-3 rounded-xl text-xs sm:text-sm font-medium transition flex items-center justify-center space-x-1 sm:space-x-2 min-w-0 text-slate-400 hover:text-slate-200 hover:bg-slate-800/60"[39m
    [33mtype[39m=[32m"button"[39m
  [36m/>[39m

  Name "Голоса":
  [36m<button[39m
    [33mclass[39m=[32m"py-2 sm:py-1.5 px-1 sm:px-3 rounded-xl text-xs sm:text-sm font-medium transition flex items-center justify-center space-x-1 sm:space-x-2 min-w-0 bg-amber-500 text-slate-950 font-bold shadow-md"[39m
    [33mtype[39m=[32m"button"[39m
  [36m/>[39m

  Name "Ночи/ЛХ":
  [36m<button[39m
    [33mclass[39m=[32m"py-2 sm:py-1.5 px-1 sm:px-3 rounded-xl text-xs sm:text-sm font-medium transition flex items-center justify-center space-x-1 sm:space-x-2 min-w-0 text-slate-400 hover:text-slate-200 hover:bg-slate-800/60"[39m
    [33mtype[39m=[32m"button"[39m
  [36m/>[39m

  Name "Итог":
  [36m<button[39m
    [33mclass[39m=[32m"py-2 sm:py-1.5 px-1 sm:px-3 rounded-xl text-xs sm:text-sm font-medium transition flex items-center justify-center space-x-1 sm:space-x-2 min-w-0 text-slate-400 hover:text-slate-200 hover:bg-slate-800/60"[39m
    [33mtype[39m=[32m"button"[39m
  [36m/>[39m

  Name "Добавить голосование":
  [36m<button[39m
    [33mclass[39m=[32m"px-3 py-1.5 rounded-xl bg-amber-500 hover:bg-amber-400 text-slate-950 font-bold text-xs flex items-center space-x-1"[39m
    [33mtype[39m=[32m"button"[39m
  [36m/>[39m

  Name "Завершить протокол":
  [36m<button[39m
    [33mclass[39m=[32m"px-3 py-2 sm:px-4 sm:py-2 rounded-xl bg-gradient-to-r from-amber-500 to-amber-600 hover:from-amber-600 hover:to-amber-700 text-slate-950 font-bold text-xs sm:text-sm shadow-md transition flex items-center space-x-1.5 cursor-pointer whitespace-nowrap"[39m
    [33mtype[39m=[32m"button"[39m
  [36m/>[39m

  --------------------------------------------------

Ignored nodes: comments, script, style
[36m<body>[39m
  [36m<div>[39m
    [36m<div[39m
      [33mclass[39m=[32m"fixed inset-0 z-50 flex items-center justify-center bg-black/70 backdrop-blur-sm p-0 sm:p-4 overflow-y-auto overflow-x-hidden"[39m
    [36m>[39m
      [36m<div[39m
        [33mclass[39m=[32m"bg-slate-900 text-slate-100 rounded-none sm:rounded-2xl w-full max-w-4xl max-h-[100dvh] h-[100dvh] sm:h-auto sm:max-h-[92vh] flex flex-col shadow-2xl border-0 sm:border sm:border-slate-800 overflow-hidden min-w-0"[39m
      [36m>[39m
        [36m<div[39m
          [33mclass[39m=[32m"bg-slate-800/90 px-3 py-2 sm:px-4 sm:py-3 border-b border-slate-700/80 flex items-center justify-between shrink-0 min-h-[56px] sm:min-h-[64px] min-w-0"[39m
        [36m>[39m
          [36m<div[39m
            [33mclass[39m=[32m"flex items-center space-x-2.5 min-w-0"[39m
          [36m>[39m
            [36m<div[39m
              [33mclass[39m=[32m"w-8 h-8 sm:w-9 sm:h-9 rounded-xl bg-amber-500/20 text-amber-400 flex items-center justify-center font-bold text-base sm:text-lg shrink-0"[39m
            [36m>[39m
              [0m#[0m
              [0m1[0m
            [36m</div>[39m
            [36m<div[39m
              [33mclass[39m=[32m"min-w-0"[39m
            [36m>[39m
              [36m<div[39m
                [33mclass[39m=[32m"flex items-center space-x-2"[39m
              [36m>[39m
                [36m<h2[39m
                  [33mclass[39m=[32m"text-sm sm:text-base font-semibold text-white truncate"[39m
                [36m>[39m
                  [36m<span[39m
                    [33mclass[39m=[32m"sm:hidden"[39m
                  [36m>[39m
                    [0mИгра #[0m
                    [0m1[0m
                  [36m</span>[39m
                  [36m<span[39m
                    [33mclass[39m=[32m"hidden sm:inline"[39m
                  [36m>[39m
                    [0mПротокол игры #[0m
                    [0m1[0m
                  [36m</span>[39m
                [36m</h2>[39m
                [36m<span[39m
                  [33mclass[39m=[32m"px-2 py-0.5 rounded-full text-[10px] sm:text-xs font-medium bg-amber-500/20 text-amber-400 border border-amber-500/30 shrink-0"[39m
                [36m>[39m
                  [0mЧерновик[0m
                [36m</span>[39m
              [36m</div>[39m
              [36m<div[39m
                [33mclass[39m=[32m"text-[11px] sm:text-xs text-slate-400 truncate"[39m
              [36m>[39m
                [0mСудья: [0m
                [0mНе указан[0m
              [36m</div>[39m
            [36m</div>[39m
          [36m</div>[39m
          [36m<div[39m
            [33mclass[39m=[32m"flex items-center space-x-2 shrink-0"[39m
          [36m>[39m
            [36m<div[39m
              [33mclass[39m=[32m"text-[11px] sm:text-xs flex items-center space-x-1.5 px-2 py-1 rounded-lg bg-slate-800 border border-slate-700"[39m
            [36m>[39m
              [36m<svg[39m
                [33mclass[39m=[32m"lucide lucide-save w-3.5 h-3.5 text-slate-400"[39m
                [33mfill[39m=[32m"none"[39m
                [33mheight[39m=[32m"24"[39m
                [33mstroke[39m=[32m"currentColor"[39m
                [33mstroke-linecap[39m=[32m"round"[39m
                [33mstroke-linejoin[39m=[32m"round"[39m
                [33mstroke-width[39m=[32m"2"[39m
                [33mviewBox[39m=[32m"0 0 24 24"[39m
                [33mwidth[39m=[32m"24"[39m
                [33mxmlns[39m=[32m"http://www.w3.org/2000/svg"[39m
              [36m>[39m
                [36m<path[39m
                  [33md[39m=[32m"M15.2 3a2 2 0 0 1 1.4.6l3.8 3.8a2 2 0 0 1 .6 1.4V19a2 2 0 0 1-2 2H5a2 2 0 0 1-2-2V5a2 2 0 0 1 2-2z"[39m
                [36m/>[39m
                [36m<path[39m
                  [33md[39m=[32m"M17 21v-7a1 1 0 0 0-1-1H8a1 1 0 0 0-1 1v7"[39m
                [36m/>[39m
                [36m<path[39m
                  [33md[39m=[32m"M7 3v4a1 1 0 0 0 1 1h7"[39m
                [36m/>[39m
              [36m</svg>[39m
              [36m<span[39m
                [33mclass[39m=[32m"text-slate-400 hidden sm:inline"[39m
              [36m>[39m
                [0mНе сохранено[0m
              [36m</span>[39m
            [36m</div>[39m
            [36m<button[39m
              [33mclass[39m=[32m"text-slate-400 hover:text-white p-1.5 rounded-lg hover:bg-slate-700 transition"[39m
              [33mtype[39m=[32m"button"[39m
            [36m>[39m
              [36m<svg[39m
                [33mclass[39m=[32m"lucide lucide-x w-5 h-5"[39m
                [33mfill[39m=[32m"none"[39m
                [33mheight[39m=[32m"24"[39m
                [33mstroke[39m=[32m"currentColor"[39m
                [33mstroke-linecap[39m=[32m"round"[39m
                [33mstroke-linejoin[39m=[32m"round"[39m
                [33mstroke-width[39m=[32m"2"[39m
                [33mviewBox[39m=[32m"0 0 24 24"[39m
                [33mwidth[39m=[32m"24"[39m
                [33mxmlns[39m=[32m"http://www.w3.org/2000/svg"[39m
              [36m>[39m
                [36m<path[39m
                  [33md[39m=[32m"M18 6 6 18"[39m
                [36m/>[39m
                [36m<path[39m
                  [33md[39m=[32m"m6 6 12 12"[39m
                [36m/>[39m
              [36m</svg>[39m
            [36m</button>[39m
          [36m</div>[39m
        [36m</div>[39m
        [36m<div[39m
          [33mclass[39m=[32m"bg-slate-800/40 border-b border-slate-800 p-1.5 sm:px-3 sm:py-2 shrink-0"[39m
        [36m>[39m
          [36m<div[39m
            [33mclass[39m=[32m"grid grid-cols-4 gap-1 sm:flex sm:space-x-2"[39m
          [36m>[39m
            [36m<button[39m
              [33mclass[39m=[32m"py-2 sm:py-1.5 px-1 sm:px-3 rounded-xl text-xs sm:text-sm font-medium transition flex items-center justify-center space-x-1 sm:space-x-2 min-w-0 text-slate-400 hover:text-slate-200 hover:bg-slate-800/60"[39m
              [33mtype[39m=[32m"button"[39m
            [36m>[39m
              [36m<svg[39m
                [33mclass[39m=[32m"lucide lucide-users w-3.5 h-3.5 sm:w-4 sm:h-4 shrink-0"[39m
                [33mfill[39m=[32m"none"[39m
                [33mheight[39m=[32m"24"[39m
                [33mstroke[39m=[32m"currentColor"[39m
                [33mstroke-linecap[39m=[32m"round"[39m
                [33mstroke-linejoin[39m=[32m"round"[39m
                [33mstroke-width[39m=[32m"2"[39m
                [33mviewBox[39m=[32m"0 0 24 24"[39m
                [33mwidth[39m=[32m"24"[39m
                [33mxmlns[39m=[32m"http://www.w3.org/2000/svg"[39m
              [36m>[39m
                [36m<path[39m
                  [33md[39m=[32m"M16 21v-2a4 4 0 0 0-4-4H6a4 4 0 0 0-4 4v2"[39m
       ...
[90m [2m❯[22m Object.getElementError node_modules/@testing-library/dom/dist/config.js:[2m37:19[22m[39m
[90m [2m❯[22m node_modules/@testing-library/dom/dist/query-helpers.js:[2m76:38[22m[39m
[90m [2m❯[22m node_modules/@testing-library/dom/dist/query-helpers.js:[2m52:17[22m[39m
[90m [2m❯[22m node_modules/@testing-library/dom/dist/query-helpers.js:[2m95:19[22m[39m
[36m [2m❯[22m src/tests/protocolModal.test.tsx:[2m950:33[22m[39m
    [90m948|[39m       fireEvent[33m.[39m[34mchange[39m(leaveInput[33m,[39m { target[33m:[39m { value[33m:[39m [32m'0'[39m } })[33m;[39m
    [90m949|[39m
    [90m950|[39m       const confirmBtn = screen.getByRole('button', { name: /Подтверди…
    [90m   |[39m                                 [31m^[39m
    [90m951|[39m       [34mexpect[39m(confirmBtn[33m.[39mdisabled)[33m.[39m[34mtoBe[39m([35mfalse[39m)[33m;[39m
    [90m952|[39m

[31m[2m⎯⎯⎯⎯⎯⎯⎯⎯⎯⎯⎯⎯⎯⎯⎯⎯⎯⎯⎯⎯⎯⎯⎯⎯[1/2]⎯[22m[39m

[41m[1m FAIL [22m[49m src/tests/protocolModal.test.tsx[2m > [22mGameProtocolModal Backup & Auto-Save Component Tests[2m > [22mGameProtocolModal Custom Voting Tests[2m > [22m8. After renumbering, parent_round_number continues to refer to the correct parent round
[31m[1mAssertionError[22m[39m: expected "saveGameProtocol" to be called at least once

Ignored nodes: comments, script, style
[36m<html>[39m
  [36m<head />[39m
  [36m<body>[39m
    [36m<div>[39m
      [36m<div[39m
        [33mclass[39m=[32m"fixed inset-0 z-50 flex items-center justify-center bg-black/70 backdrop-blur-sm p-0 sm:p-4 overflow-y-auto overflow-x-hidden"[39m
      [36m>[39m
        [36m<div[39m
          [33mclass[39m=[32m"bg-slate-900 text-slate-100 rounded-none sm:rounded-2xl w-full max-w-4xl max-h-[100dvh] h-[100dvh] sm:h-auto sm:max-h-[92vh] flex flex-col shadow-2xl border-0 sm:border sm:border-slate-800 overflow-hidden min-w-0"[39m
        [36m>[39m
          [36m<div[39m
            [33mclass[39m=[32m"bg-slate-800/90 px-3 py-2 sm:px-4 sm:py-3 border-b border-slate-700/80 flex items-center justify-between shrink-0 min-h-[56px] sm:min-h-[64px] min-w-0"[39m
          [36m>[39m
            [36m<div[39m
              [33mclass[39m=[32m"flex items-center space-x-2.5 min-w-0"[39m
            [36m>[39m
              [36m<div[39m
                [33mclass[39m=[32m"w-8 h-8 sm:w-9 sm:h-9 rounded-xl bg-amber-500/20 text-amber-400 flex items-center justify-center font-bold text-base sm:text-lg shrink-0"[39m
              [36m>[39m
                [0m#[0m
                [0m1[0m
              [36m</div>[39m
              [36m<div[39m
                [33mclass[39m=[32m"min-w-0"[39m
              [36m>[39m
                [36m<div[39m
                  [33mclass[39m=[32m"flex items-center space-x-2"[39m
                [36m>[39m
                  [36m<h2[39m
                    [33mclass[39m=[32m"text-sm sm:text-base font-semibold text-white truncate"[39m
                  [36m>[39m
                    [36m<span[39m
                      [33mclass[39m=[32m"sm:hidden"[39m
                    [36m>[39m
                      [0mИгра #[0m
                      [0m1[0m
                    [36m</span>[39m
                    [36m<span[39m
                      [33mclass[39m=[32m"hidden sm:inline"[39m
                    [36m>[39m
                      [0mПротокол игры #[0m
                      [0m1[0m
                    [36m</span>[39m
                  [36m</h2>[39m
                  [36m<span[39m
                    [33mclass[39m=[32m"px-2 py-0.5 rounded-full text-[10px] sm:text-xs font-medium bg-amber-500/20 text-amber-400 border border-amber-500/30 shrink-0"[39m
                  [36m>[39m
                    [0mЧерновик[0m
                  [36m</span>[39m
                [36m</div>[39m
                [36m<div[39m
                  [33mclass[39m=[32m"text-[11px] sm:text-xs text-slate-400 truncate"[39m
                [36m>[39m
                  [0mСудья: [0m
                  [0mНе указан[0m
                [36m</div>[39m
              [36m</div>[39m
            [36m</div>[39m
            [36m<div[39m
              [33mclass[39m=[32m"flex items-center space-x-2 shrink-0"[39m
            [36m>[39m
              [36m<div[39m
                [33mclass[39m=[32m"text-[11px] sm:text-xs flex items-center space-x-1.5 px-2 py-1 rounded-lg bg-slate-800 border border-slate-700"[39m
              [36m>[39m
                [36m<svg[39m
                  [33mclass[39m=[32m"lucide lucide-save w-3.5 h-3.5 text-slate-400"[39m
                  [33mfill[39m=[32m"none"[39m
                  [33mheight[39m=[32m"24"[39m
                  [33mstroke[39m=[32m"currentColor"[39m
                  [33mstroke-linecap[39m=[32m"round"[39m
                  [33mstroke-linejoin[39m=[32m"round"[39m
                  [33mstroke-width[39m=[32m"2"[39m
                  [33mviewBox[39m=[32m"0 0 24 24"[39m
                  [33mwidth[39m=[32m"24"[39m
                  [33mxmlns[39m=[32m"http://www.w3.org/2000/svg"[39m
                [36m>[39m
                  [36m<path[39m
                    [33md[39m=[32m"M15.2 3a2 2 0 0 1 1.4.6l3.8 3.8a2 2 0 0 1 .6 1.4V19a2 2 0 0 1-2 2H5a2 2 0 0 1-2-2V5a2 2 0 0 1 2-2z"[39m
                  [36m/>[39m
                  [36m<path[39m
                    [33md[39m=[32m"M17 21v-7a1 1 0 0 0-1-1H8a1 1 0 0 0-1 1v7"[39m
                  [36m/>[39m
                  [36m<path[39m
                    [33md[39m=[32m"M7 3v4a1 1 0 0 0 1 1h7"[39m
                  [36m/>[39m
                [36m</svg>[39m
                [36m<span[39m
                  [33mclass[39m=[32m"text-slate-400 hidden sm:inline"[39m
                [36m>[39m
                  [0mНе сохранено[0m
                [36m</span>[39m
              [36m</div>[39m
              [36m<button[39m
                [33mclass[39m=[32m"text-slate-400 hover:text-white p-1.5 rounded-lg hover:bg-slate-700 transition"[39m
                [33mtype[39m=[32m"button"[39m
              [36m>[39m
                [36m<svg[39m
                  [33mclass[39m=[32m"lucide lucide-x w-5 h-5"[39m
                  [33mfill[39m=[32m"none"[39m
                  [33mheight[39m=[32m"24"[39m
                  [33mstroke[39m=[32m"currentColor"[39m
                  [33mstroke-linecap[39m=[32m"round"[39m
                  [33mstroke-linejoin[39m=[32m"round"[39m
                  [33mstroke-width[39m=[32m"2"[39m
                  [33mviewBox[39m=[32m"0 0 24 24"[39m
                  [33mwidth[39m=[32m"24"[39m
                  [33mxmlns[39m=[32m"http://www.w3.org/2000/svg"[39m
                [36m>[39m
                  [36m<path[39m
                    [33md[39m=[32m"M18 6 6 18"[39m
                  [36m/>[39m
                  [36m<path[39m
                    [33md[39m=[32m"m6 6 12 12"[39m
                  [36m/>[39m
                [36m</svg>[39m
              [36m</button>[39m
            [36m</div>[39m
          [36m</div>[39m
          [36m<div[39m
            [33mclass[39m=[32m"bg-slate-800/40 border-b border-slate-800 p-1.5 sm:px-3 sm:py-2 shrink-0"[39m
          [36m>[39m
            [36m<div[39m
              [33mclass[39m=[32m"grid grid-cols-4 gap-1 sm:flex sm:space-x-2"[39m
            [36m>[39m
              [36m<button[39m
                [33mclass[39m=[32m"py-2 sm:py-1.5 px-1 sm:px-3 rounded-xl text-xs sm:text-sm font-medium transition flex items-center justify-center space-x-1 sm:space-x-2 min-w-0 text-slate-400 hover:text-slate-200 hover:bg-slate-800/60"[39m
                [33mtype[39m=[32m"button"[39m
              [36m>[39m
                [36m<svg[39m
                  [33mclass[39m=[32m"lucide lucide-users w-3.5 h-3.5 sm:w-4 sm:h-4 shrink-0"[39m
                  [33mfill[39m=[32m"none"[39m
                  [33mheight[39m=[32m"24"[39m
                  [33mstroke[39m=[32m"currentColor"[39m
                  [33mstroke-linecap[39m=[32m"round"[39m
                  [33mstroke-linejoin[39m=[32m"round"[39m
                  [33mstroke-width[39m=[32m"2"[39m
                 ...
[36m [2m❯[22m src/tests/protocolModal.test.tsx:[2m1126:25[22m[39m
    [90m1124|[39m
    [90m1125|[39m       [35mawait[39m [34mwaitFor[39m(() [33m=>[39m {
    [90m1126|[39m         [34mexpect[39m(saveSpy)[33m.[39m[34mtoHaveBeenCalled[39m()[33m;[39m
    [90m   |[39m                         [31m^[39m
    [90m1127|[39m       })[33m;[39m
    [90m1128|[39m
[90m [2m❯[22m runWithExpensiveErrorDiagnosticsDisabled node_modules/@testing-library/dom/dist/config.js:[2m47:12[22m[39m
[90m [2m❯[22m checkCallback node_modules/@testing-library/dom/dist/wait-for.js:[2m124:77[22m[39m
[90m [2m❯[22m Timeout.checkRealTimersCallback node_modules/@testing-library/dom/dist/wait-for.js:[2m118:16[22m[39m

[31m[2m⎯⎯⎯⎯⎯⎯⎯⎯⎯⎯⎯⎯⎯⎯⎯⎯⎯⎯⎯⎯⎯⎯⎯⎯[2/2]⎯[22m[39m


[2m Test Files [22m [1m[31m1 failed[39m[22m[90m (1)[39m
[2m      Tests [22m [1m[31m2 failed[39m[22m[2m | [22m[1m[32m36 passed[39m[22m[90m (38)[39m
[2m   Start at [22m 13:36:12
[2m   Duration [22m 7.88s[2m (transform 971ms, setup 0ms, import 1.36s, tests 5.01s, environment 1.23s)[22m

